// Jest Snapshot v1, https://goo.gl/fbAQLP

exports[`images become figures: does not apply when a caption is present 1`] = `
"<figure><img src=\\"http://example.com\\" alt=\\"foo\\"><figcaption>foo</figcaption></figure>
<figure><img src=\\"http://example.com\\"><figcaption>Caption</figcaption></figure>
<figure><img src=\\"http://example.com\\" alt=\\"foo\\"><figcaption>Caption</figcaption></figure>
<figure><img src=\\"http://example.com\\"><figcaption></figcaption></figure>"
`;

exports[`images become figures: works with only an image 1`] = `"<figure><img src=\\"http://blabla.fr\\" alt=\\"wrapped into _figure_\\"><figcaption>wrapped into _figure_</figcaption></figure>"`;

exports[`smileys translates >_< 1`] = `"<p>This is funny <img alt=\\">_<\\" src=\\"/static/smileys/pinch.png\\" class=\\"smiley\\"></p>"`

exports[`smileys translates cthulhu 1`] = `"<p><img alt=\\"^{;,;}^\\" src=\\"/static/smileys/cthulhu.png\\" class=\\"smiley\\"></p>"`
